[backblue.gif]
[fade.gif]
[index.html]
[localhost/grav/index.html]
[localhost/grav/user/themes/mytheme/images/favicon.png]
[localhost/grav/system/assets/jquery/jquery-2.x.min.js]
[localhost/grav/user/themes/quark-open-publishing/js/my.js]
[localhost/grav/user/themes/quark/js/bricklayer.min.js]
[localhost/grav/user/pages/01.blog/photo-1551221236-6f908cc5838a.jpg]
[localhost/grav/user/themes/quark/js/jquery.treemenu.js]
[localhost/grav/user/themes/quark/js/site.js]
[localhost/grav/de.html]
[localhost/grav/user/themes/quark-open-publishing/css/theme.css]
[localhost/grav/user/plugins/markdown-notices/assets/notices.css]
[localhost/grav/user/plugins/breadcrumbs/css/breadcrumbs.css]
[localhost/grav/user/plugins/form/assets/form-styles.css]
[localhost/grav/user/plugins/image-captions/css/image-captions.css]
[localhost/grav/user/plugins/youtube/css/youtube.css]
[localhost/grav/user/plugins/pagination/css/pagination.css]
[localhost/grav/user/plugins/login/css/login.css]
[localhost/grav/user/themes/quark/css/bricklayer.css]
[localhost/grav/user/themes/quark/css-compiled/spectre.min.css]
[localhost/grav/user/themes/quark/css-compiled/theme.min.css]
[maxcdn.bootstrapcdn.com/font-awesome/4.6.1/css/font-awesome.min.css]
[localhost/grav/user/themes/mytheme/css/custom.css]
[localhost/grav/user/themes/quark/fonts/line-awesome3e6e.eot]
[localhost/grav/user/themes/quark/fonts/line-awesomed41d.eot]
[localhost/grav/user/themes/quark/fonts/line-awesome3e6e.woff2]
[localhost/grav/user/themes/quark/fonts/line-awesome3e6e.woff]
[localhost/grav/user/themes/quark/fonts/line-awesome3e6e.ttf]
[localhost/grav/user/themes/quark/css/line-awesome.min.css]
[localhost/grav/de/home.html]
[localhost/grav/de/bolsonaro-reagiert-auf-biden.html]
[localhost/grav/de/unliebsamer-mitarbeiter-entlassen.html]
[localhost/grav/de/footer/index.html]
[maxcdn.bootstrapcdn.com/font-awesome/4.6.1/css/font-awesome.min.css]
[localhost/grav/user/themes/quark/fonts/line-awesome3e6e.svg]
[localhost/grav/de/footer.html]
